node.exe : Node.js version v25.2.1 detected.
At line:1 char:1
+ & "C:\Program Files\nodejs/node.exe" 
"C:\Program Files\nodejs/node_mo ...
+ ~~~~~~~~~~~~~~~~~~~~~~~~~~~~~~~~~~~~~~~~~~
~~~~~~~~~~~~~~~~~~~~~~~~~~~
    + CategoryInfo          : NotSpecified  
  : (Node.js version v25.2.1 detected.:S    
tring) [], RemoteException
    + FullyQualifiedErrorId : NativeComman  
  dError
 
Odd numbered Node.js versions will not 
enter LTS status and should not be used for 
production. For more information, please 
see https://nodejs.org/en/about/previous-rel
eases/.
[33mÔØ»[39m Building...
[32mÔ£ö[39m Building...
Application bundle generation failed. [2.127 seconds] - 2026-02-22T17:11:15.385Z

[1m[31m[31mX 
[41;31m[[41;97mERROR[41;31m][0m 
[1mTS2305: Module 
'"../../../interview/interview.service"' 
has no exported member 
'InterviewSummary'.[0m [1m[35m[plugin 
angular-compiler][0m

    src/app/modules/dashboard/pages/dashboar
d/dashboard.ts:4:27:
[37m      4 Ôöé import { InterviewService, 
[32mInterviewSummary[37m } from 
'../../../interv...
        ÔòÁ                            
[32m~~~~~~~~~~~~~~~~[0m


[31mX [41;31m[[41;97mERROR[41;31m][0m 
[1mTS2339: Property 'getInterviews' does 
not exist on type 'InterviewService'.[0m 
[1m[35m[plugin angular-compiler][0m

    src/app/modules/dashboard/pages/dashboar
d/dashboard.ts:26:30:
[37m      26 Ôöé         this.interviewServ
ice.[32mgetInterviews[37m().subscribe({
         ÔòÁ                               
[32m~~~~~~~~~~~~~[0m


[31mX [41;31m[[41;97mERROR[41;31m][0m 
[1mNG6001: The class 'LandingComponent' is 
listed in the declarations of the NgModule 
'LandingModule', but is not a directive, a 
component, or a pipe. Either remove it from 
the NgModule's declarations, or add an 
appropriate Angular decorator.[0m 
[1m[35m[plugin angular-compiler][0m

    src/app/modules/landing/landing.module.t
s:12:8:
[37m      12 Ôöé         
[32mLandingComponent[37m
         ÔòÁ         
[32m~~~~~~~~~~~~~~~~[0m

  'LandingComponent' is declared here.

    src/app/modules/landing/pages/landing.ts
:7:13:
[37m      7 Ôöé export class 
[32mLandingComponent[37m {
        ÔòÁ              
[32m~~~~~~~~~~~~~~~~[0m


[31mX [41;31m[[41;97mERROR[41;31m][0m 
[1mTS2304: Cannot find name 
'Component'.[0m [1m[35m[plugin 
angular-compiler][0m

    src/app/modules/landing/pages/landing.ts
:1:1:
[37m      1 Ôöé @[32mComponent[37m({
        ÔòÁ  [32m~~~~~~~~~[0m


[31mX [41;31m[[41;97mERROR[41;31m][0m 
[1mNG5002: Unexpected closing tag "nav". 
It may happen when the tag has already been 
closed by another tag. For more info see htt
ps://www.w3.org/TR/html5/syntax.html#closing
-elements-that-have-implied-end-tags[0m 
[1m[35m[plugin angular-compiler][0m

    src/app/shared/components/header/header.
html:21:8:
[37m      21 Ôöé         [32m</nav>[37m
         ÔòÁ         [32m~~~~~~[0m

  Error occurs in the template of component 
HeaderComponent.

    src/app/shared/components/header/header.
ts:6:15:
[37m      6 Ôöé   templateUrl: 
[32m'./header.html'[37m,
        ÔòÁ                
[32m~~~~~~~~~~~~~~~[0m

[39m[22m
